// Jest Snapshot v1, https://goo.gl/fbAQLP

exports[`<Home /> should render the component 1`] = `
<DocumentFragment>
  <div
    class="MuiBox-root css-0"
  >
    <h3
      class="MuiTypography-root MuiTypography-h3 css-a5qzwy-MuiTypography-root"
    >
      Products
    </h3>
    <div
      class="MuiGrid-root MuiGrid-container MuiGrid-spacing-xs-4 MuiGrid-spacing-md-3 css-1n4sfyi-MuiGrid-root"
    >
      <div
        class="MuiGrid-root MuiGrid-item MuiGrid-grid-xs-6 MuiGrid-grid-sm-4 MuiGrid-grid-md-3 css-8qj0yp-MuiGrid-root"
      >
        <a
          href="/product/16"
        >
          <div
            class="MuiPaper-root MuiPaper-elevation MuiPaper-rounded MuiPaper-elevation1 MuiCard-root css-bhp9pd-MuiPaper-root-MuiCard-root"
          >
            <img
              alt="Lock and Love Women's Removable Hooded Faux Leather Moto Biker Jacket"
              class="MuiCardMedia-root MuiCardMedia-media MuiCardMedia-img css-aob7bp-MuiCardMedia-root"
              src="https://fakestoreapi.com/img/81XH0e8fefL._AC_UY879_.jpg"
            />
            <div
              class="MuiCardContent-root css-erizva-MuiCardContent-root"
            >
              <p
                class="MuiTypography-root MuiTypography-body1 MuiTypography-gutterBottom css-56rs9p-MuiTypography-root"
              >
                Lock and Love Women's Removable Hooded Faux Leather Moto Biker Jacket
              </p>
              <p
                class="MuiTypography-root MuiTypography-body1 MuiTypography-gutterBottom css-15ejcyd-MuiTypography-root"
              >
                Â£29.95
              </p>
              <div
                class="MuiBox-root css-70qvj9"
              >
                <p
                  class="MuiTypography-root MuiTypography-body1 css-ahj2mt-MuiTypography-root"
                >
                  2.9
                </p>
                <span
                  aria-label="3 Stars"
                  class="MuiRating-root MuiRating-sizeMedium Mui-readOnly MuiRating-readOnly css-15befwp-MuiRating-root"
                  role="img"
                >
                  <span>
                    <span
                      class="MuiRating-icon MuiRating-iconFilled css-7qmtgc-MuiRating-icon"
                    >
                      <svg
                        aria-hidden="true"
                        class="MuiSvgIcon-root MuiSvgIcon-fontSizeInherit css-1vooibu-MuiSvgIcon-root"
                        data-testid="StarIcon"
                        focusable="false"
                        viewBox="0 0 24 24"
                      >
                        <path
                          d="M12 17.27L18.18 21l-1.64-7.03L22 9.24l-7.19-.61L12 2 9.19 8.63 2 9.24l5.46 4.73L5.82 21z"
                        />
                      </svg>
                    </span>
                  </span>
                  <span>
                    <span
                      class="MuiRating-icon MuiRating-iconFilled css-7qmtgc-MuiRating-icon"
                    >
                      <svg
                        aria-hidden="true"
                        class="MuiSvgIcon-root MuiSvgIcon-fontSizeInherit css-1vooibu-MuiSvgIcon-root"
                        data-testid="StarIcon"
                        focusable="false"
                        viewBox="0 0 24 24"
                      >
                        <path
                          d="M12 17.27L18.18 21l-1.64-7.03L22 9.24l-7.19-.61L12 2 9.19 8.63 2 9.24l5.46 4.73L5.82 21z"
                        />
                      </svg>
                    </span>
                  </span>
                  <span>
                    <span
                      class="MuiRating-icon MuiRating-iconFilled css-7qmtgc-MuiRating-icon"
                    >
                      <svg
                        aria-hidden="true"
                        class="MuiSvgIcon-root MuiSvgIcon-fontSizeInherit css-1vooibu-MuiSvgIcon-root"
                        data-testid="StarIcon"
                        focusable="false"
                        viewBox="0 0 24 24"
                      >
                        <path
                          d="M12 17.27L18.18 21l-1.64-7.03L22 9.24l-7.19-.61L12 2 9.19 8.63 2 9.24l5.46 4.73L5.82 21z"
                        />
                      </svg>
                    </span>
                  </span>
                  <span>
                    <span
                      class="MuiRating-icon MuiRating-iconEmpty css-1c99szj-MuiRating-icon"
                    >
                      <svg
                        aria-hidden="true"
                        class="MuiSvgIcon-root MuiSvgIcon-fontSizeInherit css-1vooibu-MuiSvgIcon-root"
                        data-testid="StarBorderIcon"
                        focusable="false"
                        viewBox="0 0 24 24"
                      >
                        <path
                          d="M22 9.24l-7.19-.62L12 2 9.19 8.63 2 9.24l5.46 4.73L5.82 21 12 17.27 18.18 21l-1.63-7.03L22 9.24zM12 15.4l-3.76 2.27 1-4.28-3.32-2.88 4.38-.38L12 6.1l1.71 4.04 4.38.38-3.32 2.88 1 4.28L12 15.4z"
                        />
                      </svg>
                    </span>
                  </span>
                  <span>
                    <span
                      class="MuiRating-icon MuiRating-iconEmpty css-1c99szj-MuiRating-icon"
                    >
                      <svg
                        aria-hidden="true"
                        class="MuiSvgIcon-root MuiSvgIcon-fontSizeInherit css-1vooibu-MuiSvgIcon-root"
                        data-testid="StarBorderIcon"
                        focusable="false"
                        viewBox="0 0 24 24"
                      >
                        <path
                          d="M22 9.24l-7.19-.62L12 2 9.19 8.63 2 9.24l5.46 4.73L5.82 21 12 17.27 18.18 21l-1.63-7.03L22 9.24zM12 15.4l-3.76 2.27 1-4.28-3.32-2.88 4.38-.38L12 6.1l1.71 4.04 4.38.38-3.32 2.88 1 4.28L12 15.4z"
                        />
                      </svg>
                    </span>
                  </span>
                </span>
                <p
                  class="MuiTypography-root MuiTypography-body1 css-ahj2mt-MuiTypography-root"
                >
                  340 reviews
                </p>
              </div>
            </div>
          </div>
        </a>
      </div>
    </div>
  </div>
</DocumentFragment>
`;
